
> bina-legal@0.0.0 build
> ng build

